Analysis & Synthesis report for bmul32
Sat Apr 25 22:04:54 2015
Quartus II 64-Bit Version 13.0.1 Build 232 06/12/2013 Service Pack 1 SJ Web Edition


---------------------
; Table of Contents ;
---------------------
  1. Legal Notice
  2. Analysis & Synthesis Summary
  3. Analysis & Synthesis Settings
  4. Parallel Compilation
  5. Analysis & Synthesis Source Files Read
  6. Analysis & Synthesis Resource Usage Summary
  7. Analysis & Synthesis Resource Utilization by Entity
  8. General Register Statistics
  9. Multiplexer Restructuring Statistics (Restructuring Performed)
 10. Port Connectivity Checks: "badd32:a0|fadd:a2"
 11. Port Connectivity Checks: "badd32:a0"
 12. Elapsed Time Per Partition
 13. Analysis & Synthesis Messages



----------------
; Legal Notice ;
----------------
Copyright (C) 1991-2013 Altera Corporation
Your use of Altera Corporation's design tools, logic functions 
and other software and tools, and its AMPP partner logic 
functions, and any output files from any of the foregoing 
(including device programming or simulation files), and any 
associated documentation or information are expressly subject 
to the terms and conditions of the Altera Program License 
Subscription Agreement, Altera MegaCore Function License 
Agreement, or other applicable license agreement, including, 
without limitation, that your use is for the sole purpose of 
programming logic devices manufactured by Altera and sold by 
Altera or its authorized distributors.  Please refer to the 
applicable agreement for further details.



+--------------------------------------------------------------------------------------+
; Analysis & Synthesis Summary                                                         ;
+------------------------------------+-------------------------------------------------+
; Analysis & Synthesis Status        ; Successful - Sat Apr 25 22:04:54 2015           ;
; Quartus II 64-Bit Version          ; 13.0.1 Build 232 06/12/2013 SP 1 SJ Web Edition ;
; Revision Name                      ; bmul32                                          ;
; Top-level Entity Name              ; bmul32                                          ;
; Family                             ; Cyclone IV GX                                   ;
; Total logic elements               ; 1,566                                           ;
;     Total combinational functions  ; 1,566                                           ;
;     Dedicated logic registers      ; 0                                               ;
; Total registers                    ; 0                                               ;
; Total pins                         ; 128                                             ;
; Total virtual pins                 ; 0                                               ;
; Total memory bits                  ; 0                                               ;
; Embedded Multiplier 9-bit elements ; 0                                               ;
; Total GXB Receiver Channel PCS     ; 0                                               ;
; Total GXB Receiver Channel PMA     ; 0                                               ;
; Total GXB Transmitter Channel PCS  ; 0                                               ;
; Total GXB Transmitter Channel PMA  ; 0                                               ;
; Total PLLs                         ; 0                                               ;
+------------------------------------+-------------------------------------------------+


+----------------------------------------------------------------------------------------------------------------------+
; Analysis & Synthesis Settings                                                                                        ;
+----------------------------------------------------------------------------+--------------------+--------------------+
; Option                                                                     ; Setting            ; Default Value      ;
+----------------------------------------------------------------------------+--------------------+--------------------+
; Top-level entity name                                                      ; bmul32             ; bmul32             ;
; Family name                                                                ; Cyclone IV GX      ; Cyclone IV GX      ;
; Use smart compilation                                                      ; Off                ; Off                ;
; Enable parallel Assembler and TimeQuest Timing Analyzer during compilation ; On                 ; On                 ;
; Enable compact report table                                                ; Off                ; Off                ;
; Restructure Multiplexers                                                   ; Auto               ; Auto               ;
; Create Debugging Nodes for IP Cores                                        ; Off                ; Off                ;
; Preserve fewer node names                                                  ; On                 ; On                 ;
; Disable OpenCore Plus hardware evaluation                                  ; Off                ; Off                ;
; Verilog Version                                                            ; Verilog_2001       ; Verilog_2001       ;
; VHDL Version                                                               ; VHDL_1993          ; VHDL_1993          ;
; State Machine Processing                                                   ; Auto               ; Auto               ;
; Safe State Machine                                                         ; Off                ; Off                ;
; Extract Verilog State Machines                                             ; On                 ; On                 ;
; Extract VHDL State Machines                                                ; On                 ; On                 ;
; Ignore Verilog initial constructs                                          ; Off                ; Off                ;
; Iteration limit for constant Verilog loops                                 ; 5000               ; 5000               ;
; Iteration limit for non-constant Verilog loops                             ; 250                ; 250                ;
; Add Pass-Through Logic to Inferred RAMs                                    ; On                 ; On                 ;
; Infer RAMs from Raw Logic                                                  ; On                 ; On                 ;
; Parallel Synthesis                                                         ; On                 ; On                 ;
; DSP Block Balancing                                                        ; Auto               ; Auto               ;
; NOT Gate Push-Back                                                         ; On                 ; On                 ;
; Power-Up Don't Care                                                        ; On                 ; On                 ;
; Remove Redundant Logic Cells                                               ; Off                ; Off                ;
; Remove Duplicate Registers                                                 ; On                 ; On                 ;
; Ignore CARRY Buffers                                                       ; Off                ; Off                ;
; Ignore CASCADE Buffers                                                     ; Off                ; Off                ;
; Ignore GLOBAL Buffers                                                      ; Off                ; Off                ;
; Ignore ROW GLOBAL Buffers                                                  ; Off                ; Off                ;
; Ignore LCELL Buffers                                                       ; Off                ; Off                ;
; Ignore SOFT Buffers                                                        ; On                 ; On                 ;
; Limit AHDL Integers to 32 Bits                                             ; Off                ; Off                ;
; Optimization Technique                                                     ; Balanced           ; Balanced           ;
; Carry Chain Length                                                         ; 70                 ; 70                 ;
; Auto Carry Chains                                                          ; On                 ; On                 ;
; Auto Open-Drain Pins                                                       ; On                 ; On                 ;
; Perform WYSIWYG Primitive Resynthesis                                      ; Off                ; Off                ;
; Auto ROM Replacement                                                       ; On                 ; On                 ;
; Auto RAM Replacement                                                       ; On                 ; On                 ;
; Auto DSP Block Replacement                                                 ; On                 ; On                 ;
; Auto Shift Register Replacement                                            ; Auto               ; Auto               ;
; Allow Shift Register Merging across Hierarchies                            ; Auto               ; Auto               ;
; Auto Clock Enable Replacement                                              ; On                 ; On                 ;
; Strict RAM Replacement                                                     ; Off                ; Off                ;
; Allow Synchronous Control Signals                                          ; On                 ; On                 ;
; Force Use of Synchronous Clear Signals                                     ; Off                ; Off                ;
; Auto RAM Block Balancing                                                   ; On                 ; On                 ;
; Auto RAM to Logic Cell Conversion                                          ; Off                ; Off                ;
; Auto Resource Sharing                                                      ; Off                ; Off                ;
; Allow Any RAM Size For Recognition                                         ; Off                ; Off                ;
; Allow Any ROM Size For Recognition                                         ; Off                ; Off                ;
; Allow Any Shift Register Size For Recognition                              ; Off                ; Off                ;
; Use LogicLock Constraints during Resource Balancing                        ; On                 ; On                 ;
; Ignore translate_off and synthesis_off directives                          ; Off                ; Off                ;
; Timing-Driven Synthesis                                                    ; On                 ; On                 ;
; Report Parameter Settings                                                  ; On                 ; On                 ;
; Report Source Assignments                                                  ; On                 ; On                 ;
; Report Connectivity Checks                                                 ; On                 ; On                 ;
; Ignore Maximum Fan-Out Assignments                                         ; Off                ; Off                ;
; Synchronization Register Chain Length                                      ; 2                  ; 2                  ;
; PowerPlay Power Optimization                                               ; Normal compilation ; Normal compilation ;
; HDL message level                                                          ; Level2             ; Level2             ;
; Suppress Register Optimization Related Messages                            ; Off                ; Off                ;
; Number of Removed Registers Reported in Synthesis Report                   ; 5000               ; 5000               ;
; Number of Swept Nodes Reported in Synthesis Report                         ; 5000               ; 5000               ;
; Number of Inverted Registers Reported in Synthesis Report                  ; 100                ; 100                ;
; Clock MUX Protection                                                       ; On                 ; On                 ;
; Auto Gated Clock Conversion                                                ; Off                ; Off                ;
; Block Design Naming                                                        ; Auto               ; Auto               ;
; SDC constraint protection                                                  ; Off                ; Off                ;
; Synthesis Effort                                                           ; Auto               ; Auto               ;
; Shift Register Replacement - Allow Asynchronous Clear Signal               ; On                 ; On                 ;
; Pre-Mapping Resynthesis Optimization                                       ; Off                ; Off                ;
; Analysis & Synthesis Message Level                                         ; Medium             ; Medium             ;
; Disable Register Merging Across Hierarchies                                ; Auto               ; Auto               ;
; Resource Aware Inference For Block RAM                                     ; On                 ; On                 ;
; Synthesis Seed                                                             ; 1                  ; 1                  ;
+----------------------------------------------------------------------------+--------------------+--------------------+


Parallel compilation was disabled, but you have multiple processors available. Enable parallel compilation to reduce compilation time.
+-------------------------------------+
; Parallel Compilation                ;
+----------------------------+--------+
; Processors                 ; Number ;
+----------------------------+--------+
; Number detected on machine ; 4      ;
; Maximum allowed            ; 1      ;
+----------------------------+--------+


+-----------------------------------------------------------------------------------------------------------------+
; Analysis & Synthesis Source Files Read                                                                          ;
+----------------------------------+-----------------+-----------------+--------------------------------+---------+
; File Name with User-Entered Path ; Used in Netlist ; File Type       ; File Name with Absolute Path   ; Library ;
+----------------------------------+-----------------+-----------------+--------------------------------+---------+
; bmul32.vhd                       ; yes             ; User VHDL File  ; C:/Vhdl/Exercicio 3/bmul32.vhd ;         ;
; badd32.vhd                       ; yes             ; User VHDL File  ; C:/Vhdl/Exercicio 3/badd32.vhd ;         ;
; add32.vhd                        ; yes             ; User VHDL File  ; C:/Vhdl/Exercicio 3/add32.vhd  ;         ;
; fadd.vhd                         ; yes             ; User VHDL File  ; C:/Vhdl/Exercicio 3/fadd.vhd   ;         ;
+----------------------------------+-----------------+-----------------+--------------------------------+---------+


+---------------------------------------------+
; Analysis & Synthesis Resource Usage Summary ;
+--------------------------+------------------+
; Resource                 ; Usage            ;
+--------------------------+------------------+
; I/O pins                 ; 128              ;
; DSP block 9-bit elements ; 0                ;
; Maximum fan-out node     ; a[1]~input       ;
; Maximum fan-out          ; 99               ;
; Total fan-out            ; 5788             ;
; Average fan-out          ; 3.18             ;
+--------------------------+------------------+


+-------------------------------------------------------------------------------------------------------------------------------------------------------------------------------------------------+
; Analysis & Synthesis Resource Utilization by Entity                                                                                                                                             ;
+----------------------------+-------------------+--------------+-------------+--------------+---------+-----------+-----------+------+--------------+-----------------------------+--------------+
; Compilation Hierarchy Node ; LC Combinationals ; LC Registers ; Memory Bits ; DSP Elements ; DSP 9x9 ; DSP 18x18 ; DSP 36x36 ; Pins ; Virtual Pins ; Full Hierarchy Name         ; Library Name ;
+----------------------------+-------------------+--------------+-------------+--------------+---------+-----------+-----------+------+--------------+-----------------------------+--------------+
; |bmul32                    ; 1566 (0)          ; 0 (0)        ; 0           ; 0            ; 0       ; 0         ; 0         ; 128  ; 0            ; |bmul32                     ; work         ;
;    |badd32:a0|             ; 66 (32)           ; 0 (0)        ; 0           ; 0            ; 0       ; 0         ; 0         ; 0    ; 0            ; |bmul32|badd32:a0           ; work         ;
;       |add32:a1|           ; 33 (33)           ; 0 (0)        ; 0           ; 0            ; 0       ; 0         ; 0         ; 0    ; 0            ; |bmul32|badd32:a0|add32:a1  ; work         ;
;       |fadd:a2|            ; 1 (1)             ; 0 (0)        ; 0           ; 0            ; 0       ; 0         ; 0         ; 0    ; 0            ; |bmul32|badd32:a0|fadd:a2   ; work         ;
;    |badd32:a10|            ; 100 (65)          ; 0 (0)        ; 0           ; 0            ; 0       ; 0         ; 0         ; 0    ; 0            ; |bmul32|badd32:a10          ; work         ;
;       |add32:a1|           ; 34 (34)           ; 0 (0)        ; 0           ; 0            ; 0       ; 0         ; 0         ; 0    ; 0            ; |bmul32|badd32:a10|add32:a1 ; work         ;
;       |fadd:a2|            ; 1 (1)             ; 0 (0)        ; 0           ; 0            ; 0       ; 0         ; 0         ; 0    ; 0            ; |bmul32|badd32:a10|fadd:a2  ; work         ;
;    |badd32:a11|            ; 100 (65)          ; 0 (0)        ; 0           ; 0            ; 0       ; 0         ; 0         ; 0    ; 0            ; |bmul32|badd32:a11          ; work         ;
;       |add32:a1|           ; 34 (34)           ; 0 (0)        ; 0           ; 0            ; 0       ; 0         ; 0         ; 0    ; 0            ; |bmul32|badd32:a11|add32:a1 ; work         ;
;       |fadd:a2|            ; 1 (1)             ; 0 (0)        ; 0           ; 0            ; 0       ; 0         ; 0         ; 0    ; 0            ; |bmul32|badd32:a11|fadd:a2  ; work         ;
;    |badd32:a12|            ; 100 (65)          ; 0 (0)        ; 0           ; 0            ; 0       ; 0         ; 0         ; 0    ; 0            ; |bmul32|badd32:a12          ; work         ;
;       |add32:a1|           ; 34 (34)           ; 0 (0)        ; 0           ; 0            ; 0       ; 0         ; 0         ; 0    ; 0            ; |bmul32|badd32:a12|add32:a1 ; work         ;
;       |fadd:a2|            ; 1 (1)             ; 0 (0)        ; 0           ; 0            ; 0       ; 0         ; 0         ; 0    ; 0            ; |bmul32|badd32:a12|fadd:a2  ; work         ;
;    |badd32:a13|            ; 100 (65)          ; 0 (0)        ; 0           ; 0            ; 0       ; 0         ; 0         ; 0    ; 0            ; |bmul32|badd32:a13          ; work         ;
;       |add32:a1|           ; 34 (34)           ; 0 (0)        ; 0           ; 0            ; 0       ; 0         ; 0         ; 0    ; 0            ; |bmul32|badd32:a13|add32:a1 ; work         ;
;       |fadd:a2|            ; 1 (1)             ; 0 (0)        ; 0           ; 0            ; 0       ; 0         ; 0         ; 0    ; 0            ; |bmul32|badd32:a13|fadd:a2  ; work         ;
;    |badd32:a14|            ; 100 (65)          ; 0 (0)        ; 0           ; 0            ; 0       ; 0         ; 0         ; 0    ; 0            ; |bmul32|badd32:a14          ; work         ;
;       |add32:a1|           ; 34 (34)           ; 0 (0)        ; 0           ; 0            ; 0       ; 0         ; 0         ; 0    ; 0            ; |bmul32|badd32:a14|add32:a1 ; work         ;
;       |fadd:a2|            ; 1 (1)             ; 0 (0)        ; 0           ; 0            ; 0       ; 0         ; 0         ; 0    ; 0            ; |bmul32|badd32:a14|fadd:a2  ; work         ;
;    |badd32:a15|            ; 100 (65)          ; 0 (0)        ; 0           ; 0            ; 0       ; 0         ; 0         ; 0    ; 0            ; |bmul32|badd32:a15          ; work         ;
;       |add32:a1|           ; 34 (34)           ; 0 (0)        ; 0           ; 0            ; 0       ; 0         ; 0         ; 0    ; 0            ; |bmul32|badd32:a15|add32:a1 ; work         ;
;       |fadd:a2|            ; 1 (1)             ; 0 (0)        ; 0           ; 0            ; 0       ; 0         ; 0         ; 0    ; 0            ; |bmul32|badd32:a15|fadd:a2  ; work         ;
;    |badd32:a1|             ; 100 (65)          ; 0 (0)        ; 0           ; 0            ; 0       ; 0         ; 0         ; 0    ; 0            ; |bmul32|badd32:a1           ; work         ;
;       |add32:a1|           ; 34 (34)           ; 0 (0)        ; 0           ; 0            ; 0       ; 0         ; 0         ; 0    ; 0            ; |bmul32|badd32:a1|add32:a1  ; work         ;
;       |fadd:a2|            ; 1 (1)             ; 0 (0)        ; 0           ; 0            ; 0       ; 0         ; 0         ; 0    ; 0            ; |bmul32|badd32:a1|fadd:a2   ; work         ;
;    |badd32:a2|             ; 100 (65)          ; 0 (0)        ; 0           ; 0            ; 0       ; 0         ; 0         ; 0    ; 0            ; |bmul32|badd32:a2           ; work         ;
;       |add32:a1|           ; 34 (34)           ; 0 (0)        ; 0           ; 0            ; 0       ; 0         ; 0         ; 0    ; 0            ; |bmul32|badd32:a2|add32:a1  ; work         ;
;       |fadd:a2|            ; 1 (1)             ; 0 (0)        ; 0           ; 0            ; 0       ; 0         ; 0         ; 0    ; 0            ; |bmul32|badd32:a2|fadd:a2   ; work         ;
;    |badd32:a3|             ; 100 (65)          ; 0 (0)        ; 0           ; 0            ; 0       ; 0         ; 0         ; 0    ; 0            ; |bmul32|badd32:a3           ; work         ;
;       |add32:a1|           ; 34 (34)           ; 0 (0)        ; 0           ; 0            ; 0       ; 0         ; 0         ; 0    ; 0            ; |bmul32|badd32:a3|add32:a1  ; work         ;
;       |fadd:a2|            ; 1 (1)             ; 0 (0)        ; 0           ; 0            ; 0       ; 0         ; 0         ; 0    ; 0            ; |bmul32|badd32:a3|fadd:a2   ; work         ;
;    |badd32:a4|             ; 100 (65)          ; 0 (0)        ; 0           ; 0            ; 0       ; 0         ; 0         ; 0    ; 0            ; |bmul32|badd32:a4           ; work         ;
;       |add32:a1|           ; 34 (34)           ; 0 (0)        ; 0           ; 0            ; 0       ; 0         ; 0         ; 0    ; 0            ; |bmul32|badd32:a4|add32:a1  ; work         ;
;       |fadd:a2|            ; 1 (1)             ; 0 (0)        ; 0           ; 0            ; 0       ; 0         ; 0         ; 0    ; 0            ; |bmul32|badd32:a4|fadd:a2   ; work         ;
;    |badd32:a5|             ; 100 (65)          ; 0 (0)        ; 0           ; 0            ; 0       ; 0         ; 0         ; 0    ; 0            ; |bmul32|badd32:a5           ; work         ;
;       |add32:a1|           ; 34 (34)           ; 0 (0)        ; 0           ; 0            ; 0       ; 0         ; 0         ; 0    ; 0            ; |bmul32|badd32:a5|add32:a1  ; work         ;
;       |fadd:a2|            ; 1 (1)             ; 0 (0)        ; 0           ; 0            ; 0       ; 0         ; 0         ; 0    ; 0            ; |bmul32|badd32:a5|fadd:a2   ; work         ;
;    |badd32:a6|             ; 100 (65)          ; 0 (0)        ; 0           ; 0            ; 0       ; 0         ; 0         ; 0    ; 0            ; |bmul32|badd32:a6           ; work         ;
;       |add32:a1|           ; 34 (34)           ; 0 (0)        ; 0           ; 0            ; 0       ; 0         ; 0         ; 0    ; 0            ; |bmul32|badd32:a6|add32:a1  ; work         ;
;       |fadd:a2|            ; 1 (1)             ; 0 (0)        ; 0           ; 0            ; 0       ; 0         ; 0         ; 0    ; 0            ; |bmul32|badd32:a6|fadd:a2   ; work         ;
;    |badd32:a7|             ; 100 (65)          ; 0 (0)        ; 0           ; 0            ; 0       ; 0         ; 0         ; 0    ; 0            ; |bmul32|badd32:a7           ; work         ;
;       |add32:a1|           ; 34 (34)           ; 0 (0)        ; 0           ; 0            ; 0       ; 0         ; 0         ; 0    ; 0            ; |bmul32|badd32:a7|add32:a1  ; work         ;
;       |fadd:a2|            ; 1 (1)             ; 0 (0)        ; 0           ; 0            ; 0       ; 0         ; 0         ; 0    ; 0            ; |bmul32|badd32:a7|fadd:a2   ; work         ;
;    |badd32:a8|             ; 100 (65)          ; 0 (0)        ; 0           ; 0            ; 0       ; 0         ; 0         ; 0    ; 0            ; |bmul32|badd32:a8           ; work         ;
;       |add32:a1|           ; 34 (34)           ; 0 (0)        ; 0           ; 0            ; 0       ; 0         ; 0         ; 0    ; 0            ; |bmul32|badd32:a8|add32:a1  ; work         ;
;       |fadd:a2|            ; 1 (1)             ; 0 (0)        ; 0           ; 0            ; 0       ; 0         ; 0         ; 0    ; 0            ; |bmul32|badd32:a8|fadd:a2   ; work         ;
;    |badd32:a9|             ; 100 (65)          ; 0 (0)        ; 0           ; 0            ; 0       ; 0         ; 0         ; 0    ; 0            ; |bmul32|badd32:a9           ; work         ;
;       |add32:a1|           ; 34 (34)           ; 0 (0)        ; 0           ; 0            ; 0       ; 0         ; 0         ; 0    ; 0            ; |bmul32|badd32:a9|add32:a1  ; work         ;
;       |fadd:a2|            ; 1 (1)             ; 0 (0)        ; 0           ; 0            ; 0       ; 0         ; 0         ; 0    ; 0            ; |bmul32|badd32:a9|fadd:a2   ; work         ;
+----------------------------+-------------------+--------------+-------------+--------------+---------+-----------+-----------+------+--------------+-----------------------------+--------------+
Note: For table entries with two numbers listed, the numbers in parentheses indicate the number of resources of the given type used by the specific entity alone. The numbers listed outside of parentheses indicate the total resources of the given type used by the specific entity and all of its sub-entities in the hierarchy.


+------------------------------------------------------+
; General Register Statistics                          ;
+----------------------------------------------+-------+
; Statistic                                    ; Value ;
+----------------------------------------------+-------+
; Total registers                              ; 0     ;
; Number of registers using Synchronous Clear  ; 0     ;
; Number of registers using Synchronous Load   ; 0     ;
; Number of registers using Asynchronous Clear ; 0     ;
; Number of registers using Asynchronous Load  ; 0     ;
; Number of registers using Clock Enable       ; 0     ;
; Number of registers using Preset             ; 0     ;
+----------------------------------------------+-------+


+------------------------------------------------------------------------------------------------------------------------------------------+
; Multiplexer Restructuring Statistics (Restructuring Performed)                                                                           ;
+--------------------+-----------+---------------+----------------------+------------------------+------------+----------------------------+
; Multiplexer Inputs ; Bus Width ; Baseline Area ; Area if Restructured ; Saving if Restructured ; Registered ; Example Multiplexer Output ;
+--------------------+-----------+---------------+----------------------+------------------------+------------+----------------------------+
; 4:1                ; 31 bits   ; 62 LEs        ; 62 LEs               ; 0 LEs                  ; No         ; |bmul32|badd32:a0|bb[17]   ;
; 6:1                ; 31 bits   ; 124 LEs       ; 93 LEs               ; 31 LEs                 ; No         ; |bmul32|badd32:a1|bb[27]   ;
; 6:1                ; 30 bits   ; 120 LEs       ; 90 LEs               ; 30 LEs                 ; No         ; |bmul32|badd32:a2|bb[10]   ;
; 6:1                ; 30 bits   ; 120 LEs       ; 90 LEs               ; 30 LEs                 ; No         ; |bmul32|badd32:a4|bb[29]   ;
; 6:1                ; 30 bits   ; 120 LEs       ; 90 LEs               ; 30 LEs                 ; No         ; |bmul32|badd32:a6|bb[30]   ;
; 6:1                ; 30 bits   ; 120 LEs       ; 90 LEs               ; 30 LEs                 ; No         ; |bmul32|badd32:a8|bb[14]   ;
; 6:1                ; 30 bits   ; 120 LEs       ; 90 LEs               ; 30 LEs                 ; No         ; |bmul32|badd32:a10|bb[25]  ;
; 6:1                ; 30 bits   ; 120 LEs       ; 90 LEs               ; 30 LEs                 ; No         ; |bmul32|badd32:a12|bb[9]   ;
; 6:1                ; 30 bits   ; 120 LEs       ; 90 LEs               ; 30 LEs                 ; No         ; |bmul32|badd32:a14|bb[2]   ;
; 8:1                ; 31 bits   ; 155 LEs       ; 93 LEs               ; 62 LEs                 ; No         ; |bmul32|badd32:a3|bb[11]   ;
; 8:1                ; 31 bits   ; 155 LEs       ; 93 LEs               ; 62 LEs                 ; No         ; |bmul32|badd32:a5|bb[27]   ;
; 8:1                ; 31 bits   ; 155 LEs       ; 93 LEs               ; 62 LEs                 ; No         ; |bmul32|badd32:a7|bb[20]   ;
; 8:1                ; 31 bits   ; 155 LEs       ; 93 LEs               ; 62 LEs                 ; No         ; |bmul32|badd32:a9|bb[11]   ;
; 8:1                ; 31 bits   ; 155 LEs       ; 93 LEs               ; 62 LEs                 ; No         ; |bmul32|badd32:a11|bb[2]   ;
; 8:1                ; 31 bits   ; 155 LEs       ; 93 LEs               ; 62 LEs                 ; No         ; |bmul32|badd32:a13|bb[17]  ;
; 8:1                ; 31 bits   ; 155 LEs       ; 93 LEs               ; 62 LEs                 ; No         ; |bmul32|badd32:a15|bb[1]   ;
+--------------------+-----------+---------------+----------------------+------------------------+------------+----------------------------+


+----------------------------------------------------------------------------------------------------------------+
; Port Connectivity Checks: "badd32:a0|fadd:a2"                                                                  ;
+------+--------+----------+-------------------------------------------------------------------------------------+
; Port ; Type   ; Severity ; Details                                                                             ;
+------+--------+----------+-------------------------------------------------------------------------------------+
; cout ; Output ; Info     ; Connected to dangling logic. Logic that only feeds a dangling port will be removed. ;
+------+--------+----------+-------------------------------------------------------------------------------------+


+------------------------------------------+
; Port Connectivity Checks: "badd32:a0"    ;
+--------+-------+----------+--------------+
; Port   ; Type  ; Severity ; Details      ;
+--------+-------+----------+--------------+
; a[0]   ; Input ; Info     ; Stuck at GND ;
; sum_in ; Input ; Info     ; Stuck at GND ;
+--------+-------+----------+--------------+


+-------------------------------+
; Elapsed Time Per Partition    ;
+----------------+--------------+
; Partition Name ; Elapsed Time ;
+----------------+--------------+
; Top            ; 00:00:03     ;
+----------------+--------------+


+-------------------------------+
; Analysis & Synthesis Messages ;
+-------------------------------+
Info: *******************************************************************
Info: Running Quartus II 64-Bit Analysis & Synthesis
    Info: Version 13.0.1 Build 232 06/12/2013 Service Pack 1 SJ Web Edition
    Info: Processing started: Sat Apr 25 22:04:48 2015
Info: Command: quartus_map --read_settings_files=on --write_settings_files=off bmul32 -c bmul32
Warning (20028): Parallel compilation is not licensed and has been disabled
Info (12021): Found 2 design units, including 1 entities, in source file bmul32.vhd
    Info (12022): Found design unit 1: bmul32-circuits
    Info (12023): Found entity 1: bmul32
Info (12021): Found 2 design units, including 1 entities, in source file badd32.vhd
    Info (12022): Found design unit 1: badd32-circuits
    Info (12023): Found entity 1: badd32
Info (12021): Found 2 design units, including 1 entities, in source file add32.vhd
    Info (12022): Found design unit 1: add32-behavior
    Info (12023): Found entity 1: add32
Info (12021): Found 2 design units, including 1 entities, in source file fadd.vhd
    Info (12022): Found design unit 1: fadd-circuits
    Info (12023): Found entity 1: fadd
Info (12127): Elaborating entity "bmul32" for the top level hierarchy
Warning (10540): VHDL Signal Declaration warning at bmul32.vhd(12): used explicit default value for signal "zer" because signal was never assigned a value
Info (12128): Elaborating entity "badd32" for hierarchy "badd32:a0"
Warning (10036): Verilog HDL or VHDL warning at badd32.vhd(36): object "nc1" assigned a value but never read
Info (12128): Elaborating entity "add32" for hierarchy "badd32:a0|add32:a1"
Info (12128): Elaborating entity "fadd" for hierarchy "badd32:a0|fadd:a2"
Info (286030): Timing-Driven Synthesis is running
Info (16010): Generating hard_block partition "hard_block:auto_generated_inst"
    Info (16011): Adding 0 node(s), including 0 DDIO, 0 PLL, 0 transceiver and 0 LCELL
Info (21057): Implemented 1694 device resources after synthesis - the final resource count might be different
    Info (21058): Implemented 64 input pins
    Info (21059): Implemented 64 output pins
    Info (21061): Implemented 1566 logic cells
Info: Quartus II 64-Bit Analysis & Synthesis was successful. 0 errors, 3 warnings
    Info: Peak virtual memory: 537 megabytes
    Info: Processing ended: Sat Apr 25 22:04:54 2015
    Info: Elapsed time: 00:00:06
    Info: Total CPU time (on all processors): 00:00:05


